................................................................
................................................................
............................................................K...
................................................................
................................................................
..........#####################.................................
..........#...................#.................................
..........#...................#..................H..............
..........#........T..........#.................................
..........#...................#...T.............................
......T...#...................#.................................
..........#...................#.................................
..........M...................#....................T............
..........#...................#.................................
..........#...................#.................................
..........#...................DDDDDDDDDDDDDDDDDDDDDDDDDDDDDDDDDE
..........#...................#.................................
..........#...............T...#.................................
S################.............#.............T..............T....
................#.............#.................................
................#.............#...T.............................
.......T........#.............#.................................
................#.............#.................................
................#.............#.................................
....#############.............#.................................
....#.....................T...#.................................
....#.........................#.................................
....#....T....................#.................................
....#.........................#.................................
....#.........................#.................................
....###########################.................................
................................................................
................................................................
.....T............T.............................................
................................................................
................................................................
