................................................................
................................................................
............................................................K...
................................................................
................................................................
..........#####################.................................
..........#...................#.................................
..........#...................#.................................
..........#........T..........#.................................
..........#...................#...T.............................
..........#...................#.................................
..........#...................#.................................
..........M...................#.................................
..........#...................#.................................
..........#...................#.................................
..........#...................M...................#############E
..........#...................#...................#.............
..........#...............T...#...................#.............
S##########...................#...................#.............
..............................#...................#.........T...
..............................#...................#...T.........
.......T......................#...................#.............
..............................#...................#.............
..............................#...................#.............
..............................#.........T.........#.............
..........................T...#...................M.............
..............................#...................#.............
..............................#...................#.............
..............................#...................#.............
..............................#...................#.............
..............................##########M##########.............
................................................................
................................................................
................................................................
................................................................
................................................................
